// Jest Snapshot v1, https://goo.gl/fbAQLP

exports[`Function Unit Test thisOrThat - false 1`] = `"You chose that!"`;

exports[`Function Unit Test thisOrThat - true 1`] = `"You chose this!"`;

exports[`Simple Component Test 1`] = `
<SimpleComponent>
  Lorem ipsum
</SimpleComponent>
`;

exports[`StaticComponent Test 1`] = `
<StaticComponent
  age={50}
  name="Bob Ross"
/>
`;
